Tue Jan  7 09:38:28 2020 : [Errno 11] Resource temporarily unavailable
Tue Jan  7 09:41:58 2020 : [Errno 11] Resource temporarily unavailable
Tue Jan  7 09:42:01 2020 : [Errno 11] Resource temporarily unavailable
Tue Jan  7 09:42:04 2020 : [Errno 11] Resource temporarily unavailable
Tue Jan  7 09:42:07 2020 : [Errno 11] Resource temporarily unavailable
Tue Jan  7 09:42:10 2020 : [Errno 11] Resource temporarily unavailable
Tue Jan  7 09:42:13 2020 : [Errno 11] Resource temporarily unavailable
Tue Jan  7 09:42:16 2020 : [Errno 11] Resource temporarily unavailable
Tue Jan  7 09:42:19 2020 : [Errno 11] Resource temporarily unavailable
Tue Jan  7 09:42:22 2020 : [Errno 11] Resource temporarily unavailable
Tue Jan  7 09:42:25 2020 : [Errno 11] Resource temporarily unavailable
Tue Jan  7 09:42:28 2020 : [Errno 11] Resource temporarily unavailable
Tue Jan  7 09:42:31 2020 : [Errno 11] Resource temporarily unavailable
Tue Jan  7 09:42:34 2020 : [Errno 11] Resource temporarily unavailable
Tue Jan  7 09:42:37 2020 : [Errno 11] Resource temporarily unavailable
Tue Jan  7 09:42:40 2020 : [Errno 11] Resource temporarily unavailable
Tue Jan  7 09:47:48 2020 : timed out
Tue Jan  7 09:47:50 2020 : timed out
Tue Jan  7 09:47:52 2020 : timed out
Tue Jan  7 09:47:54 2020 : timed out
Tue Jan  7 09:47:56 2020 : timed out
Tue Jan  7 09:47:58 2020 : timed out
Tue Jan  7 09:48:00 2020 : timed out
Tue Jan  7 09:48:02 2020 : timed out
Tue Jan  7 09:48:04 2020 : timed out
Tue Jan  7 09:48:06 2020 : timed out
